// Jest Snapshot v1, https://goo.gl/fbAQLP

exports[`renders 1`] = `
<div
  className="news-feed-header"
>
  <table
    border="0"
    cellPadding="0"
    cellSpacing="0"
    className="desktop-table"
    width="100%"
  >
    <tr>
      <td
        align="center"
        className="td-header-cloumn-width"
        valign="middle"
      >
        <span
          className="header-label"
        >
          Top
        </span>
      </td>
      <td
        align="center"
        className="td-header-cloumn-width"
        valign="middle"
      >
        <span
          className="header-label"
        />
      </td>
      <td
        align="center"
        className="td-header-cloumn-width"
        valign="middle"
      >
        <span
          className="header-label"
        />
      </td>
      <td
        valign="middle"
      >
        <span
          className="header-label"
        />
      </td>
    </tr>
  </table>
  <table
    border="0"
    cellPadding="0"
    cellSpacing="0"
    className="mobile-table"
    width="100%"
  >
    <tr>
      <td
        align="center"
        className="td-mobile-header-cloumn-width"
        valign="middle"
      >
        <span
          className="mobile-header-label"
        />
      </td>
      <td
        align="center"
        className="td-mobile-header-cloumn-width"
        valign="middle"
      >
        <span
          className="mobile-header-label"
        />
      </td>
      <td
        valign="middle"
      >
        <span
          className="mobile-header-label"
        />
      </td>
    </tr>
  </table>
</div>
`;
